[knowledge] 建筑节能设计有哪些规范要求？
  issues: none
  length: 1425
  preview: 控制方式进行优化。    05-居住与住宿建筑运行场景-part02.md RAGFlow | 相似度 47.6% Question: 居住与住宿建筑运行场景 来源：dormitory-building-specification Q151. 《住宅建筑规范》中对于门窗的节能设计有哪些要求？ Answer: 按照《住宅建筑规范》 (GB 50368-2005)中规定，门窗的节能设计应选用节能型门窗

[anomaly] 当前设备能耗突然升高50%，可能是什么原因？
  issues: none
  length: 570
  preview: 能耗突增 DeepSeek · RAGFlow · 13264 ms 针对当前建筑出现的能耗突增情况，系统已判定为异常场景。由于您未提供具体的发生时间、基准负荷及偏离数值，我无法进行精确的量化诊断。根据《住宅建筑规范》（GB 50368-2005）的相关规定，住宅建筑的采暖与空调能耗与建筑所处的气候区、热工设计分区及期望的节能程度密切相关。建议运维团队立即执行基础排查，重点检查建筑围护结构的保温隔

[saving] 针对空调系统，有哪些节能优化建议？
  issues: none
  length: 1511
  preview: 和振动影响。    05-居住与住宿建筑运行场景-part05.md RAGFlow | 相似度 41.7% Question: 居住与住宿建筑运行场景 来源：hotel-building-specification Q33. 旅馆建筑暖通空调系统节能设计应符合哪些规定？ Answer: 按照《旅馆建筑设计规范》（JGJ62-2014）中规定，旅馆建筑暖通空调系统节能设计应符合下列规定： 1 客房

[fault] 空调制冷效果差，如何排查问题？
  issues: none
  length: 602
  preview: 能耗突增 DeepSeek · RAGFlow · 13634 ms 针对当前建筑出现的能耗突增异常，系统判定为能耗突增场景。由于您未提供具体的异常时间点、负荷数值及偏离百分比，我无法进行基于具体数据的量化诊断。根据《住宅建筑规范》（GB 50368-2005）的相关知识，住宅建筑的采暖、空调能耗与建筑所处的气候区、热工设计分区及围护结构性能密切相关。建议运维团队立即执行基础排查：首先检查主要用能
